<div>

<p style="font-size:120%">The video is about using Vim to solve a bug in the Chad stack while developing a web application. The bug involves a missing directory, which the user navigates using various Vim plugins such as Telescope and Harpoon. They demonstrate how to find the bug and fix it by creating the necessary directory and implementing some code changes. The video also includes tips for improving navigation in Vim.</p>

<p style="font-size:120%">The video covers how to use Vim to make changes to a project&#39;s code and how to work with Git. The speaker demonstrates using various commands to create and resolve a merge conflict within Git. He also shows how to use a Vim plugin called Context Tree Sitter to display the current file&#39;s changes and the use of keyboard shortcuts to speed up workflow efficiency. The speaker encourages viewers to like and subscribe for more content and to express interest in a workflow tutorial for Tmux, I3, and Vim.</p>

</div>