<p style="font-size:120%"><b>TLDR</b></p>
<p style="font-size:120%">Google director of engineering Jeffrey Van Gogh interviews Steve McConnell, the author of &#34;Code Complete,&#34; in a discussion about programming languages, readable and maintainable code, and the evolution of full-stack development. The group also offers advice for programmers, including writing code, learning from experience, and engaging in peer review and collaboration. McConnell emphasizes the importance of gaining experience through internships and real-world projects while providing background in his research for &#34;Code Complete.&#34;</p>
<p style="font-size:120%"><b>Longer version</b></p>
<div>

<p style="font-size:120%">Jeffrey van Gogh, a director of engineering at Google, interviews Steve McConnell, the author of &#34;Code Complete,&#34; about the evolution of programming languages and the impact on coding practices. They discuss the importance of readable and maintainable code, the use of comments and external documentation, and the role of tooling in aiding comprehension of large codebases. They also touch upon the changes in full-stack development, as programmers now tend to work with multiple languages across various platforms.</p>

<p style="font-size:120%">The speaker discusses their role in hiring for their team and how they prioritize skills in compilers over skills in specific programming languages. They also discuss their favorite and least favorite features of Kotlin, as well as the importance of programmers being exposed to real-life programs and open-source projects. They touch on supply chain security concerns with open-source libraries and the potential for errors when reusing code in unintended ways. One of the controversial standpoints in the book is the use of i, j, and k for indexes, which the speaker sees as lazy and a missed documentation opportunity.</p>

<p style="font-size:120%">In the third part of the video, the speaker argues that using variable names like &#34;i&#34; in code is not ideal for readability and can lead to errors. They discuss their personal coding projects during the pandemic and how they approached them differently. The topic of managers who code is also discussed, with the speaker arguing that while it&#39;s good for managers to remain technical, it&#39;s not necessary for them to write production code and they should focus on developing soft skills. The speaker also mentions the extensive research they did for their book, which includes numerous references to other literature.</p>

<p style="font-size:120%">In the video, the author talks about how he researched for &#34;Code Complete,&#34; his best-selling book on software construction. He read over 600 articles and books to find information that was not available in other books. He also emphasizes the importance of peer review and collaboration in writing a book. He recommends that new programmers write as much code as possible and learn from experience, as well as read and learn from other people&#39;s code. Some university students find the &#34;before&#34; case studies unrealistic, while professionals in the field relate to them. The author suggests that students do internships to gain real-world experience.</p>

</div>