<div>

<p>Brooke Shields discusses her experiences with objectification and the sexualization of young girls in the entertainment industry. She speaks about the pressure to be desirable to straight men and gatekeeping as a way to control young girls. Shields found her confidence and agency through her own experiences and encourages others to do the same. The cultural environment can be toxic and many people have a similar narrative to Shields&#39;. She questions what could have happened if she wasn&#39;t born with beauty.</p>

</div>